[2026-02-12 13:13:49] INFO: Video Processor Queue initialized
[2026-02-12 13:13:54] INFO: Face recognition system linked to video processor
[2026-02-12 13:14:01] INFO: Face recognition system linked to video processor
[2026-02-12 13:14:01] INFO: Entering video processing loop...
[2026-02-12 13:14:01] INFO: Video processing started
[2026-02-12 13:14:01] INFO: ============================================================
[2026-02-12 13:14:01] INFO: Processing video: benny.mp4
[2026-02-12 13:14:01] INFO: Duration: 00:00:01
[2026-02-12 13:14:01] INFO: FPS: 29.59
[2026-02-12 13:14:01] INFO: Resolution: 478x850
[2026-02-12 13:14:01] INFO: Total frames: 43
[2026-02-12 13:14:04] INFO: Recognized: Ash (49) at 00:00:00 (confidence: 0.51)
[2026-02-12 13:14:05] INFO: ------------------------------------------------------------
[2026-02-12 13:14:05] INFO: Completed: benny.mp4
[2026-02-12 13:14:05] INFO: Total frames: 43
[2026-02-12 13:14:05] INFO: Processed frames: 4
[2026-02-12 13:14:05] INFO: Faces detected: 4
[2026-02-12 13:14:05] INFO: Known faces: 1
[2026-02-12 13:14:05] INFO: Unknown faces: 0
[2026-02-12 13:14:05] INFO: Unique people recognized: 1
[2026-02-12 13:14:05] INFO: Video marked as processed: benny_done.mp4
[2026-02-12 13:14:05] INFO: Moved to: C:\Users\benso\OneDrive\Desktop\desktop\folder (4)\fisat_face_detection_system\processed_videos
[2026-02-12 13:14:07] INFO: No new videos found. Waiting for 60 seconds...
[2026-02-12 13:15:33] INFO: Video Processor Queue initialized
[2026-02-12 13:15:36] INFO: Face recognition system linked to video processor
[2026-02-12 13:15:43] INFO: Face recognition system linked to video processor
[2026-02-12 13:15:43] INFO: Entering video processing loop...
[2026-02-12 13:15:43] INFO: Video processing started
[2026-02-12 13:15:43] INFO: ============================================================
[2026-02-12 13:15:43] INFO: Processing video: ben.mp4
[2026-02-12 13:15:43] INFO: Duration: 00:00:03
[2026-02-12 13:15:43] INFO: FPS: 29.26
[2026-02-12 13:15:43] INFO: Resolution: 478x850
[2026-02-12 13:15:43] INFO: Total frames: 107
[2026-02-12 13:15:46] INFO: Recognized: benz (124) at 00:00:00 (confidence: 0.60)
[2026-02-12 13:15:49] INFO: Progress: 93.5% (100/107 frames)
[2026-02-12 13:15:49] INFO: ------------------------------------------------------------
[2026-02-12 13:15:49] INFO: Completed: ben.mp4
[2026-02-12 13:15:49] INFO: Total frames: 107
[2026-02-12 13:15:49] INFO: Processed frames: 10
[2026-02-12 13:15:49] INFO: Faces detected: 10
[2026-02-12 13:15:49] INFO: Known faces: 1
[2026-02-12 13:15:49] INFO: Unknown faces: 0
[2026-02-12 13:15:49] INFO: Unique people recognized: 1
[2026-02-12 13:15:49] INFO: Video marked as processed: ben_done.mp4
[2026-02-12 13:15:49] INFO: Moved to: C:\Users\benso\OneDrive\Desktop\desktop\folder (4)\fisat_face_detection_system\processed_videos
[2026-02-12 13:15:51] INFO: No new videos found. Waiting for 60 seconds...
[2026-02-12 13:16:51] INFO: ============================================================
[2026-02-12 13:16:51] INFO: Processing video: benny.mp4
[2026-02-12 13:16:51] INFO: Duration: 00:00:01
[2026-02-12 13:16:51] INFO: FPS: 29.59
[2026-02-12 13:16:51] INFO: Resolution: 478x850
[2026-02-12 13:16:51] INFO: Total frames: 43
[2026-02-12 13:16:51] INFO: Recognized: Ash (49) at 00:00:00 (confidence: 0.51)
[2026-02-12 13:16:53] INFO: ------------------------------------------------------------
[2026-02-12 13:16:53] INFO: Completed: benny.mp4
[2026-02-12 13:16:53] INFO: Total frames: 43
[2026-02-12 13:16:53] INFO: Processed frames: 4
[2026-02-12 13:16:53] INFO: Faces detected: 4
[2026-02-12 13:16:53] INFO: Known faces: 1
[2026-02-12 13:16:53] INFO: Unknown faces: 0
[2026-02-12 13:16:53] INFO: Unique people recognized: 1
[2026-02-12 13:16:53] INFO: Video marked as processed: benny_done.mp4
[2026-02-12 13:16:53] INFO: Moved to: C:\Users\benso\OneDrive\Desktop\desktop\folder (4)\fisat_face_detection_system\processed_videos
[2026-02-12 13:16:55] INFO: No new videos found. Waiting for 60 seconds...
[2026-02-12 13:17:55] INFO: No new videos found. Waiting for 60 seconds...
[2026-02-12 13:18:55] INFO: No new videos found. Waiting for 60 seconds...
[2026-02-12 13:19:55] INFO: No new videos found. Waiting for 60 seconds...
[2026-02-12 13:19:56] INFO: Exited video processing loop
[2026-02-12 13:19:56] INFO: Video processing stopped
[2026-02-12 13:20:20] INFO: Video Processor Queue initialized
[2026-02-12 13:20:24] INFO: Face recognition system linked to video processor
[2026-02-12 13:20:35] INFO: Face recognition system linked to video processor
[2026-02-12 13:20:35] INFO: Entering video processing loop...
[2026-02-12 13:20:35] INFO: Video processing started
[2026-02-12 13:20:35] INFO: ============================================================
[2026-02-12 13:20:35] INFO: Processing video: benny.mp4
[2026-02-12 13:20:35] INFO: Duration: 00:00:01
[2026-02-12 13:20:35] INFO: FPS: 29.59
[2026-02-12 13:20:35] INFO: Resolution: 478x850
[2026-02-12 13:20:35] INFO: Total frames: 43
[2026-02-12 13:20:38] INFO: Recognized: Ash (49) at 00:00:00 (confidence: 0.47)
[2026-02-12 13:20:41] INFO: Progress: 23.3% (10/43 frames)
[2026-02-12 13:20:44] INFO: Progress: 46.5% (20/43 frames)
[2026-02-12 13:20:46] INFO: Recognized: benz (124) at 00:00:00 (confidence: 0.43)
[2026-02-12 13:20:49] INFO: Progress: 69.8% (30/43 frames)
[2026-02-12 13:20:53] INFO: Progress: 93.0% (40/43 frames)
[2026-02-12 13:20:54] INFO: ------------------------------------------------------------
[2026-02-12 13:20:54] INFO: Completed: benny.mp4
[2026-02-12 13:20:54] INFO: Total frames: 43
[2026-02-12 13:20:54] INFO: Processed frames: 43
[2026-02-12 13:20:54] INFO: Faces detected: 43
[2026-02-12 13:20:54] INFO: Known faces: 2
[2026-02-12 13:20:54] INFO: Unknown faces: 0
[2026-02-12 13:20:54] INFO: Unique people recognized: 2
[2026-02-12 13:20:54] INFO: Video marked as processed: benny_done.mp4
[2026-02-12 13:20:54] INFO: Moved to: C:\Users\benso\OneDrive\Desktop\desktop\folder (4)\fisat_face_detection_system\processed_videos
[2026-02-12 13:20:56] INFO: No new videos found. Waiting for 60 seconds...
[2026-02-12 13:21:56] INFO: No new videos found. Waiting for 60 seconds...
[2026-02-12 13:22:56] INFO: No new videos found. Waiting for 60 seconds...
[2026-02-12 13:23:56] INFO: No new videos found. Waiting for 60 seconds...
[2026-02-12 13:24:56] INFO: No new videos found. Waiting for 60 seconds...
[2026-02-12 13:25:56] INFO: No new videos found. Waiting for 60 seconds...
[2026-02-12 13:26:56] INFO: No new videos found. Waiting for 60 seconds...
[2026-02-12 13:27:56] INFO: ============================================================
[2026-02-12 13:27:56] INFO: Processing video: benny.mp4
[2026-02-12 13:27:57] INFO: Duration: 00:00:01
[2026-02-12 13:27:57] INFO: FPS: 29.59
[2026-02-12 13:27:57] INFO: Resolution: 478x850
[2026-02-12 13:27:57] INFO: Total frames: 43
[2026-02-12 13:27:57] INFO: Recognized: Ash (49) at 00:00:00 (confidence: 0.47)
[2026-02-12 13:28:01] INFO: Progress: 23.3% (10/43 frames)
[2026-02-12 13:28:04] INFO: Progress: 46.5% (20/43 frames)
[2026-02-12 13:28:06] INFO: Recognized: benz (124) at 00:00:00 (confidence: 0.43)
[2026-02-12 13:28:08] INFO: Progress: 69.8% (30/43 frames)
[2026-02-12 13:28:12] INFO: Progress: 93.0% (40/43 frames)
[2026-02-12 13:28:13] INFO: ------------------------------------------------------------
[2026-02-12 13:28:13] INFO: Completed: benny.mp4
[2026-02-12 13:28:13] INFO: Total frames: 43
[2026-02-12 13:28:13] INFO: Processed frames: 43
[2026-02-12 13:28:13] INFO: Faces detected: 43
[2026-02-12 13:28:13] INFO: Known faces: 2
[2026-02-12 13:28:13] INFO: Unknown faces: 0
[2026-02-12 13:28:13] INFO: Unique people recognized: 2
[2026-02-12 13:28:13] INFO: Video marked as processed: benny_done.mp4
[2026-02-12 13:28:13] INFO: Moved to: C:\Users\benso\OneDrive\Desktop\desktop\folder (4)\fisat_face_detection_system\processed_videos
[2026-02-12 13:28:15] INFO: No new videos found. Waiting for 60 seconds...
[2026-02-12 13:29:15] INFO: No new videos found. Waiting for 60 seconds...
[2026-02-12 13:30:15] INFO: No new videos found. Waiting for 60 seconds...
[2026-02-12 13:31:16] INFO: Video Processor Queue initialized
[2026-02-12 13:31:19] INFO: Face recognition system linked to video processor
[2026-02-12 13:31:29] INFO: Face recognition system linked to video processor
[2026-02-12 13:31:29] INFO: Entering video processing loop...
[2026-02-12 13:31:29] INFO: Video processing started
[2026-02-12 13:31:29] INFO: ============================================================
[2026-02-12 13:31:29] INFO: Processing video: benny.mp4
[2026-02-12 13:31:29] INFO: Duration: 00:00:01
[2026-02-12 13:31:29] INFO: FPS: 29.59
[2026-02-12 13:31:29] INFO: Resolution: 478x850
[2026-02-12 13:31:29] INFO: Total frames: 43
[2026-02-12 13:31:33] INFO: Recognized: Ash (49) at 00:00:00 (confidence: 0.53)
[2026-02-12 13:31:35] INFO: Progress: 23.3% (10/43 frames)
[2026-02-12 13:31:38] INFO: Progress: 46.5% (20/43 frames)
[2026-02-12 13:31:42] INFO: Progress: 69.8% (30/43 frames)
[2026-02-12 13:31:45] INFO: Progress: 93.0% (40/43 frames)
[2026-02-12 13:31:46] INFO: ------------------------------------------------------------
[2026-02-12 13:31:46] INFO: Completed: benny.mp4
[2026-02-12 13:31:46] INFO: Total frames: 43
[2026-02-12 13:31:46] INFO: Processed frames: 43
[2026-02-12 13:31:46] INFO: Faces detected: 43
[2026-02-12 13:31:46] INFO: Known faces: 1
[2026-02-12 13:31:46] INFO: Unknown faces: 42
[2026-02-12 13:31:46] INFO: Unique people recognized: 1
[2026-02-12 13:31:46] INFO: Video marked as processed: benny_done.mp4
[2026-02-12 13:31:46] INFO: Moved to: C:\Users\benso\OneDrive\Desktop\desktop\folder (4)\fisat_face_detection_system\processed_videos
[2026-02-12 13:31:48] INFO: No new videos found. Waiting for 60 seconds...
[2026-02-12 13:32:48] INFO: No new videos found. Waiting for 60 seconds...
[2026-02-12 13:33:48] INFO: No new videos found. Waiting for 60 seconds...
[2026-02-12 13:34:48] INFO: No new videos found. Waiting for 60 seconds...
[2026-02-12 13:35:48] INFO: ============================================================
[2026-02-12 13:35:48] INFO: Processing video: ben.mp4
[2026-02-12 13:35:48] INFO: Duration: 00:00:03
[2026-02-12 13:35:48] INFO: FPS: 29.26
[2026-02-12 13:35:48] INFO: Resolution: 478x850
[2026-02-12 13:35:48] INFO: Total frames: 107
[2026-02-12 13:35:49] INFO: Recognized: benz (124) at 00:00:00 (confidence: 0.61)
[2026-02-12 13:35:52] INFO: Progress: 9.3% (10/107 frames)
[2026-02-12 13:35:55] INFO: Progress: 18.7% (20/107 frames)
[2026-02-12 13:35:59] INFO: Progress: 28.0% (30/107 frames)
[2026-02-12 13:36:02] INFO: Progress: 37.4% (40/107 frames)
[2026-02-12 13:36:06] INFO: Progress: 46.7% (50/107 frames)
[2026-02-12 13:36:09] INFO: Progress: 56.1% (60/107 frames)
[2026-02-12 13:36:12] INFO: Progress: 65.4% (70/107 frames)
[2026-02-12 13:36:15] INFO: Progress: 74.8% (80/107 frames)
[2026-02-12 13:36:19] INFO: Progress: 84.1% (90/107 frames)
[2026-02-12 13:36:19] INFO: Recognized: benz (124) at 00:00:03 (confidence: 0.59)
[2026-02-12 13:36:22] INFO: Progress: 93.5% (100/107 frames)
[2026-02-12 13:36:25] INFO: ------------------------------------------------------------
[2026-02-12 13:36:25] INFO: Completed: ben.mp4
[2026-02-12 13:36:25] INFO: Total frames: 107
[2026-02-12 13:36:25] INFO: Processed frames: 107
[2026-02-12 13:36:25] INFO: Faces detected: 107
[2026-02-12 13:36:25] INFO: Known faces: 2
[2026-02-12 13:36:25] INFO: Unknown faces: 105
[2026-02-12 13:36:25] INFO: Unique people recognized: 1
[2026-02-12 13:36:25] INFO: Video marked as processed: ben_done.mp4
[2026-02-12 13:36:25] INFO: Moved to: C:\Users\benso\OneDrive\Desktop\desktop\folder (4)\fisat_face_detection_system\processed_videos
[2026-02-12 13:36:27] INFO: No new videos found. Waiting for 60 seconds...
[2026-02-12 13:37:27] INFO: No new videos found. Waiting for 60 seconds...
[2026-02-12 13:38:27] INFO: No new videos found. Waiting for 60 seconds...
[2026-02-12 13:39:27] INFO: No new videos found. Waiting for 60 seconds...
[2026-02-12 13:40:27] INFO: No new videos found. Waiting for 60 seconds...
[2026-02-12 13:41:27] INFO: No new videos found. Waiting for 60 seconds...
[2026-02-12 13:42:27] INFO: No new videos found. Waiting for 60 seconds...
[2026-02-12 13:43:27] INFO: No new videos found. Waiting for 60 seconds...
[2026-02-12 13:44:00] INFO: Video Processor Queue initialized
[2026-02-12 13:44:02] INFO: Face recognition system linked to video processor
[2026-02-12 13:44:23] INFO: Face recognition system linked to video processor
[2026-02-12 13:44:23] INFO: Entering video processing loop...
[2026-02-12 13:44:23] INFO: Video processing started
[2026-02-12 13:44:23] INFO: ============================================================
[2026-02-12 13:44:23] INFO: Processing video: beny.mp4
[2026-02-12 13:44:23] INFO: Duration: 00:00:01
[2026-02-12 13:44:23] INFO: FPS: 29.59
[2026-02-12 13:44:23] INFO: Resolution: 478x850
[2026-02-12 13:44:23] INFO: Total frames: 43
[2026-02-12 13:44:27] INFO: ------------------------------------------------------------
[2026-02-12 13:44:27] INFO: Completed: beny.mp4
[2026-02-12 13:44:27] INFO: Tracks found: 1
[2026-02-12 13:44:27] INFO: Confirmed identities: 0
[2026-02-12 13:44:27] INFO: Unknown tracks: 1
[2026-02-12 13:44:27] WARNING: No faces were confirmed in this video
[2026-02-12 13:44:27] INFO: Video marked as processed: beny_done.mp4
[2026-02-12 13:44:27] INFO: Moved to: C:\Users\benso\OneDrive\Desktop\desktop\folder (4)\fisat_face_detection_system\processed_videos
[2026-02-12 13:44:29] INFO: No new videos found. Waiting for 60 seconds...
[2026-02-12 13:44:34] INFO: Exited video processing loop
[2026-02-12 13:44:34] INFO: Video processing stopped
[2026-02-13 00:02:33] INFO: VideoProcessorQueue initialized
[2026-02-13 00:02:38] INFO: Face recognition system linked to video processor
[2026-02-13 00:02:48] INFO: Face recognition system linked to video processor
[2026-02-13 00:02:48] INFO: VideoQueueMonitor started – watching: C:\cctv_storage\cam1
[2026-02-13 00:02:48] INFO: Stability check: recording_2026-02-12_23-24-50.mp4
[2026-02-13 00:03:48] INFO: Moved to processing: recording_2026-02-12_23-24-50.mp4 -> recording_2026-02-12_23-24-50.processing
[2026-02-13 00:03:48] INFO: ============================================================
[2026-02-13 00:03:48] INFO: Processing video: recording_2026-02-12_23-24-50.processing
[2026-02-13 00:03:48] INFO: Duration: 00:01:06
[2026-02-13 00:03:48] INFO: FPS: 30.00, Resolution: 1280x720
[2026-02-13 00:03:48] INFO: Total frames: 2000
[2026-02-13 00:04:07] INFO: Progress: 12.5% (250/2000)
[2026-02-13 00:04:24] INFO: Progress: 25.0% (500/2000)
[2026-02-13 00:04:41] INFO: Progress: 37.5% (750/2000)
[2026-02-13 00:04:58] INFO: Progress: 50.0% (1000/2000)
[2026-02-13 00:05:14] INFO: Progress: 62.5% (1250/2000)
[2026-02-13 00:05:36] INFO: Progress: 75.0% (1500/2000)
[2026-02-13 00:05:55] INFO: Progress: 87.5% (1750/2000)
[2026-02-13 00:06:13] INFO: Progress: 100.0% (2000/2000)
[2026-02-13 00:06:13] INFO: ------------------------------------------------------------
[2026-02-13 00:06:13] INFO: Completed: recording_2026-02-12_23-24-50.processing
[2026-02-13 00:06:13] INFO: Tracks found: 7
[2026-02-13 00:06:13] INFO: Confirmed identities: 0
[2026-02-13 00:06:13] INFO: Unknown tracks: 7
[2026-02-13 00:06:13] WARNING: No faces were confirmed in this video
[2026-02-13 00:06:13] INFO: Processed OK: recording_2026-02-12_23-24-50.processing -> recording_2026-02-12_23-24-50_done.mp4
[2026-02-13 00:06:13] INFO: Stability check: recording_2026-02-12_23-26-15.mp4
[2026-02-13 00:10:22] INFO: VideoProcessorQueue initialized
[2026-02-13 00:10:24] INFO: Face recognition system linked to video processor
[2026-02-13 00:11:48] INFO: Face recognition system linked to video processor
[2026-02-13 00:11:48] INFO: VideoQueueMonitor started – watching: C:\cctv_storage\cam1
[2026-02-13 00:11:48] INFO: Stability check: recording_2026-02-13_00-10-17.mp4
[2026-02-13 00:11:58] WARNING: File not stable or disappeared: recording_2026-02-13_00-10-17.mp4
[2026-02-13 00:11:58] INFO: VideoQueueMonitor loop exited
[2026-02-13 00:11:58] INFO: VideoQueueMonitor stopped
[2026-02-13 00:11:58] INFO: Video processing stopped
[2026-02-13 00:12:00] INFO: Face recognition system linked to video processor
[2026-02-13 00:12:00] INFO: VideoQueueMonitor started – watching: C:\cctv_storage\cam1
[2026-02-13 00:12:00] INFO: Stability check: recording_2026-02-13_00-10-17.mp4
[2026-02-13 00:13:00] INFO: Moved to processing: recording_2026-02-13_00-10-17.mp4 -> recording_2026-02-13_00-10-17.processing
[2026-02-13 00:13:00] INFO: ============================================================
[2026-02-13 00:13:00] INFO: Processing video: recording_2026-02-13_00-10-17.processing
[2026-02-13 00:13:00] INFO: Duration: 00:00:58
[2026-02-13 00:13:00] INFO: FPS: 30.00, Resolution: 1280x720
[2026-02-13 00:13:00] INFO: Total frames: 1750
[2026-02-13 00:13:19] INFO: Progress: 14.3% (250/1750)
[2026-02-13 00:13:35] INFO: Progress: 28.6% (500/1750)
[2026-02-13 00:13:51] INFO: Progress: 42.9% (750/1750)
[2026-02-13 00:14:08] INFO: Progress: 57.1% (1000/1750)
[2026-02-13 00:14:43] INFO: Progress: 85.7% (1500/1750)
[2026-02-13 00:14:59] INFO: ------------------------------------------------------------
[2026-02-13 00:14:59] INFO: Completed: recording_2026-02-13_00-10-17.processing
[2026-02-13 00:14:59] INFO: Tracks found: 12
[2026-02-13 00:14:59] INFO: Confirmed identities: 0
[2026-02-13 00:14:59] INFO: Unknown tracks: 12
[2026-02-13 00:14:59] WARNING: No faces were confirmed in this video
[2026-02-13 00:14:59] INFO: Processed OK: recording_2026-02-13_00-10-17.processing -> recording_2026-02-13_00-10-17_done.mp4
[2026-02-13 00:14:59] INFO: Stability check: recording_2026-02-13_00-11-26.mp4
[2026-02-13 00:15:59] INFO: Moved to processing: recording_2026-02-13_00-11-26.mp4 -> recording_2026-02-13_00-11-26.processing
[2026-02-13 00:15:59] INFO: ============================================================
[2026-02-13 00:15:59] INFO: Processing video: recording_2026-02-13_00-11-26.processing
[2026-02-13 00:15:59] INFO: Duration: 00:00:58
[2026-02-13 00:15:59] INFO: FPS: 30.00, Resolution: 1280x720
[2026-02-13 00:15:59] INFO: Total frames: 1750
[2026-02-13 00:18:14] INFO: Progress: 85.7% (1500/1750)
[2026-02-13 00:18:35] INFO: Progress: 100.0% (1750/1750)
[2026-02-13 00:18:35] INFO: ------------------------------------------------------------
[2026-02-13 00:18:35] INFO: Completed: recording_2026-02-13_00-11-26.processing
[2026-02-13 00:18:35] INFO: Tracks found: 107
[2026-02-13 00:18:35] INFO: Confirmed identities: 0
[2026-02-13 00:18:35] INFO: Unknown tracks: 107
[2026-02-13 00:18:35] WARNING: No faces were confirmed in this video
[2026-02-13 00:18:35] INFO: Processed OK: recording_2026-02-13_00-11-26.processing -> recording_2026-02-13_00-11-26_done.mp4
[2026-02-13 00:18:37] INFO: Stability check: recording_2026-02-13_00-12-36.mp4
[2026-02-13 00:20:22] INFO: VideoProcessorQueue initialized
[2026-02-13 00:20:25] INFO: Face recognition system linked to video processor
[2026-02-13 00:21:16] INFO: Face recognition system linked to video processor
[2026-02-13 00:21:16] INFO: VideoQueueMonitor started – watching: C:\cctv_storage\cam1
[2026-02-13 00:21:16] INFO: Stability check: recording_2026-02-13_00-19-16.mp4
[2026-02-13 00:22:16] INFO: Moved to processing: recording_2026-02-13_00-19-16.mp4 -> recording_2026-02-13_00-19-16.processing
[2026-02-13 00:22:16] INFO: ============================================================
[2026-02-13 00:22:16] INFO: Processing video: recording_2026-02-13_00-19-16.processing
[2026-02-13 00:22:16] INFO: Duration: 00:01:06
[2026-02-13 00:22:16] INFO: FPS: 30.00, Resolution: 1280x720
[2026-02-13 00:22:16] INFO: Total frames: 2000
[2026-02-13 00:22:44] INFO: Progress: 12.5% (250/2000)
[2026-02-13 00:23:08] INFO: Progress: 25.0% (500/2000)
[2026-02-13 00:23:32] INFO: Progress: 37.5% (750/2000)
[2026-02-13 00:23:56] INFO: Progress: 50.0% (1000/2000)
[2026-02-13 00:24:16] INFO: Progress: 62.5% (1250/2000)
[2026-02-13 00:24:34] INFO: Progress: 75.0% (1500/2000)
[2026-02-13 00:25:00] INFO: Progress: 87.5% (1750/2000)
[2026-02-13 00:25:26] INFO: Progress: 100.0% (2000/2000)
[2026-02-13 00:25:26] INFO: ------------------------------------------------------------
[2026-02-13 00:25:26] INFO: Completed: recording_2026-02-13_00-19-16.processing
[2026-02-13 00:25:26] INFO: Tracks found: 23
[2026-02-13 00:25:26] INFO: Confirmed identities: 1
[2026-02-13 00:25:26] INFO: Unknown tracks: 22
[2026-02-13 00:25:26] INFO:   OK  benz (124) at 00:00:23  conf=0.81
[2026-02-13 00:25:26] INFO: Processed OK: recording_2026-02-13_00-19-16.processing -> recording_2026-02-13_00-19-16_done.mp4
[2026-02-13 00:25:26] INFO: Stability check: recording_2026-02-13_00-20-36.mp4
[2026-02-13 00:26:26] INFO: Moved to processing: recording_2026-02-13_00-20-36.mp4 -> recording_2026-02-13_00-20-36.processing
[2026-02-13 00:26:26] INFO: ============================================================
[2026-02-13 00:26:26] INFO: Processing video: recording_2026-02-13_00-20-36.processing
[2026-02-13 00:26:26] INFO: Duration: 00:00:58
[2026-02-13 00:26:26] INFO: FPS: 30.00, Resolution: 1280x720
[2026-02-13 00:26:26] INFO: Total frames: 1750
[2026-02-13 00:26:50] INFO: Progress: 14.3% (250/1750)
[2026-02-13 00:37:53] INFO: VideoProcessorQueue initialized
[2026-02-13 00:37:57] INFO: Face recognition system linked to video processor
[2026-02-13 00:38:46] INFO: Face recognition system linked to video processor
[2026-02-13 00:38:46] INFO: VideoQueueMonitor started – watching: C:\cctv_storage\cam1
[2026-02-13 00:38:46] INFO: Recovering 1 files from previous crash
[2026-02-13 00:38:46] INFO: Recovering crashed file: recording_2026-02-13_00-20-36.processing
[2026-02-13 00:38:46] INFO: ============================================================
[2026-02-13 00:38:46] INFO: Processing video: recording_2026-02-13_00-20-36.processing
[2026-02-13 00:38:46] INFO: Duration: 00:00:58
[2026-02-13 00:38:46] INFO: FPS: 30.00, Resolution: 1280x720
[2026-02-13 00:38:46] INFO: Total frames: 1750
[2026-02-13 00:39:05] INFO: Progress: 14.3% (250/1750)
[2026-02-13 00:39:22] INFO: Progress: 28.6% (500/1750)
[2026-02-13 00:39:38] INFO: Progress: 42.9% (750/1750)
[2026-02-13 00:39:55] INFO: Progress: 57.1% (1000/1750)
[2026-02-13 00:40:11] INFO: Progress: 71.4% (1250/1750)
[2026-02-13 00:40:26] INFO: VideoQueueMonitor stopped
[2026-02-13 00:40:26] INFO: Video processing stopped
[2026-02-13 00:40:26] INFO: ------------------------------------------------------------
[2026-02-13 00:40:26] INFO: Completed: recording_2026-02-13_00-20-36.processing
[2026-02-13 00:40:26] INFO: Tracks found: 1
[2026-02-13 00:40:26] INFO: Confirmed identities: 0
[2026-02-13 00:40:26] INFO: Unknown tracks: 1
[2026-02-13 00:40:26] WARNING: No faces were confirmed in this video
[2026-02-13 00:40:26] INFO: Processed OK: recording_2026-02-13_00-20-36.processing -> recording_2026-02-13_00-20-36_done.mp4
[2026-02-13 00:40:26] INFO: VideoQueueMonitor loop exited
[2026-02-13 00:40:53] INFO: Face recognition system linked to video processor
[2026-02-13 00:40:53] INFO: VideoQueueMonitor started – watching: C:\cctv_storage\cam1
[2026-02-13 00:40:53] INFO: Stability check: recording_2026-02-13_00-19.mp4
[2026-02-13 00:41:53] INFO: Moved to processing: recording_2026-02-13_00-19.mp4 -> recording_2026-02-13_00-19.processing
[2026-02-13 00:41:53] INFO: ============================================================
[2026-02-13 00:41:53] INFO: Processing video: recording_2026-02-13_00-19.processing
[2026-02-13 00:41:53] INFO: Duration: 00:01:06
[2026-02-13 00:41:53] INFO: FPS: 30.00, Resolution: 1280x720
[2026-02-13 00:41:53] INFO: Total frames: 2000
[2026-02-13 00:42:13] INFO: Progress: 12.5% (250/2000)
[2026-02-13 00:42:29] INFO: Progress: 25.0% (500/2000)
[2026-02-13 00:42:45] INFO: Progress: 37.5% (750/2000)
[2026-02-13 00:43:01] INFO: Progress: 50.0% (1000/2000)
[2026-02-13 00:43:15] INFO: Progress: 62.5% (1250/2000)
[2026-02-13 00:43:28] INFO: Progress: 75.0% (1500/2000)
[2026-02-13 00:43:44] INFO: Progress: 87.5% (1750/2000)
[2026-02-13 00:44:00] INFO: Progress: 100.0% (2000/2000)
[2026-02-13 00:44:00] INFO: ------------------------------------------------------------
[2026-02-13 00:44:00] INFO: Completed: recording_2026-02-13_00-19.processing
[2026-02-13 00:44:00] INFO: Tracks found: 23
[2026-02-13 00:44:00] INFO: Confirmed identities: 1
[2026-02-13 00:44:00] INFO: Unknown tracks: 22
[2026-02-13 00:44:00] INFO:   OK  benz (124) at 00:00:23  conf=0.80
[2026-02-13 00:44:00] INFO: Processed OK: recording_2026-02-13_00-19.processing -> recording_2026-02-13_00-19_done.mp4
[2026-02-13 00:44:02] INFO: No new videos found. Waiting...
[2026-02-13 00:45:02] INFO: No new videos found. Waiting...
[2026-02-13 00:46:02] INFO: No new videos found. Waiting...
[2026-02-13 00:47:02] INFO: No new videos found. Waiting...
[2026-02-13 00:48:02] INFO: No new videos found. Waiting...
[2026-02-13 00:49:02] INFO: No new videos found. Waiting...
